// Jest Snapshot v1, https://goo.gl/fbAQLP

exports[`<TextInput /> should match snapshot 1`] = `
<div>
  <input
    class="search-input"
    placeholder="Digite algo"
    type="search"
    value=""
  />
</div>
`;
